==================================================================
 KRATT DIAGNOSTIC  -  Tue Sep  1 16:36:44 CEST 2026
==================================================================

--- STEP 1/4 : toolchain -----------------------------------------
$ uname -a
Linux DESKTOP-43T5QMR 5.10.102.1-microsoft-standard-WSL2 #1 SMP Wed Mar 2 00:30:59 UTC 2022 x86_64 x86_64 x86_64 GNU/Linux
  -> exit 0

$ bash -c g++ --version | head -1
g++ (Ubuntu 13.3.0-6ubuntu2~24.04.1) 13.3.0
  -> exit 0

$ bash -c cmake --version | head -1
cmake version 3.28.3
  -> exit 0

$ bash -c git --version
git version 2.43.0
  -> exit 0


--- STEP 2/4 : dependencies --------------------------------------
  OK      libs/mavlink/common/mavlink.h
  OK      libs/googletest/CMakeLists.txt
--- libs/ contents ---
total 4
drwxrwxrwx 1 lukas lukas 4096 Aug 31 17:52 .
drwxrwxrwx 1 lukas lukas 4096 Sep  1 16:35 ..
-rwxrwxrwx 1 lukas lukas 2348 Aug 31 17:33 CMakeLists.txt
drwxrwxrwx 1 lukas lukas 4096 Aug 31 17:52 googletest
drwxrwxrwx 1 lukas lukas 4096 Aug 31 17:52 mavlink

--- STEP 3/4 : configure + build ---------------------------------
$ rm -rf build
  -> exit 0

$ cmake -S . -B build -DKRATT_BUILD_GUI=OFF -DCMAKE_BUILD_TYPE=Debug
-- The C compiler identification is GNU 13.3.0
-- The CXX compiler identification is GNU 13.3.0
-- Detecting C compiler ABI info
-- Detecting C compiler ABI info - done
-- Check for working C compiler: /usr/bin/cc - skipped
-- Detecting C compile features
-- Detecting C compile features - done
-- Detecting CXX compiler ABI info
-- Detecting CXX compiler ABI info - done
-- Check for working CXX compiler: /usr/bin/c++ - skipped
-- Detecting CXX compile features
-- Detecting CXX compile features - done
-- Performing Test CMAKE_HAVE_LIBC_PTHREAD
-- Performing Test CMAKE_HAVE_LIBC_PTHREAD - Success
-- Found Threads: TRUE  
-- 
-- KrattWorks drone - hexagonal architecture
--   build type : Debug
--   tests      : ON
--   GUI        : OFF
--   sanitizers : OFF
-- 
-- Configuring done (4.4s)
-- Generating done (1.1s)
-- Build files have been written to: /mnt/c/Users/User/Documents/GitHub/KrattWorksAssignment/kratt-hex/build
  -> exit 0

$ cmake --build build -j2
[  3%] Building CXX object src/CMakeFiles/kratt_domain.dir/domain/flight_controller.cpp.o
[  6%] Building CXX object libs/googletest/googletest/CMakeFiles/gtest.dir/src/gtest-all.cc.o
[  9%] Building CXX object src/CMakeFiles/kratt_domain.dir/domain/flight_state_machine.cpp.o
[ 12%] Building CXX object src/CMakeFiles/kratt_domain.dir/domain/drone_service.cpp.o
[ 15%] Building CXX object src/CMakeFiles/kratt_domain.dir/domain/gcs_service.cpp.o
[ 18%] Linking CXX static library libkratt_domain.a
[ 18%] Built target kratt_domain
[ 21%] Building CXX object src/CMakeFiles/kratt_adapters.dir/adapters/transport/udp_socket.cpp.o
[ 25%] Linking CXX static library ../../../lib/libgtest.a
[ 28%] Building CXX object src/CMakeFiles/kratt_adapters.dir/adapters/transport/loopback_transport.cpp.o
[ 28%] Built target gtest
[ 31%] Building CXX object src/CMakeFiles/kratt_adapters.dir/adapters/mavlink/mavlink_codec.cpp.o
[ 34%] Building CXX object src/CMakeFiles/kratt_adapters.dir/adapters/mavlink/message_channel.cpp.o
[ 37%] Building CXX object src/CMakeFiles/kratt_adapters.dir/adapters/mavlink/threaded_channel.cpp.o
[ 40%] Building CXX object src/CMakeFiles/kratt_adapters.dir/adapters/mavlink/drone_mavlink_adapter.cpp.o
[ 43%] Building CXX object src/CMakeFiles/kratt_adapters.dir/adapters/mavlink/gcs_mavlink_adapter.cpp.o
[ 46%] Building CXX object libs/googletest/googletest/CMakeFiles/gtest_main.dir/src/gtest_main.cc.o
[ 50%] Linking CXX static library libkratt_adapters.a
[ 50%] Built target kratt_adapters
[ 53%] Building CXX object src/CMakeFiles/kratt_app.dir/app/drone_composition.cpp.o
[ 56%] Linking CXX static library ../../../lib/libgtest_main.a
[ 56%] Built target gtest_main
[ 59%] Building CXX object src/CMakeFiles/kratt_app.dir/app/gcs_composition.cpp.o
[ 62%] Building CXX object tests/CMakeFiles/DomainTests.dir/domain/test_geofence.cpp.o
[ 65%] Linking CXX static library libkratt_app.a
[ 65%] Built target kratt_app
[ 68%] Building CXX object tests/CMakeFiles/DomainTests.dir/domain/test_kinematics.cpp.o
[ 71%] Building CXX object tests/CMakeFiles/DomainTests.dir/domain/test_state_machine.cpp.o
[ 75%] Building CXX object src/CMakeFiles/Drone.dir/bin/drone_main.cpp.o
[ 78%] Linking CXX executable ../bin/Drone
[ 78%] Built target Drone
[ 81%] Building CXX object src/CMakeFiles/GCS.dir/bin/gcs_main.cpp.o
[ 84%] Linking CXX executable ../bin/DomainTests
[ 84%] Built target DomainTests
[ 87%] Building CXX object tests/CMakeFiles/IntegrationTests.dir/integration/test_disarm_safety.cpp.o
[ 90%] Linking CXX executable ../bin/GCS
[ 90%] Built target GCS
[ 93%] Building CXX object tests/CMakeFiles/IntegrationTests.dir/integration/test_geofence.cpp.o
[ 96%] Building CXX object tests/CMakeFiles/IntegrationTests.dir/integration/test_link.cpp.o
[100%] Linking CXX executable ../bin/IntegrationTests
[100%] Built target IntegrationTests
  -> exit 0

  build OK

--- STEP 4/4 : tests ---------------------------------------------
  filter: *Geofence*
$ ./build/bin/DomainTests --gtest_filter=*Geofence* --gtest_color=no
Running main() from /mnt/c/Users/User/Documents/GitHub/KrattWorksAssignment/kratt-hex/libs/googletest/googletest/src/gtest_main.cc
Note: Google Test filter = *Geofence*
[==========] Running 4 tests from 1 test suite.
[----------] Global test environment set-up.
[----------] 4 tests from GeofenceTest
[ RUN      ] GeofenceTest.ContainsIncludesTheBoundary
[       OK ] GeofenceTest.ContainsIncludesTheBoundary (0 ms)
[ RUN      ] GeofenceTest.ContainsRejectsOutsidePoints
[       OK ] GeofenceTest.ContainsRejectsOutsidePoints (0 ms)
[ RUN      ] GeofenceTest.ClampIsIdentityInside
[       OK ] GeofenceTest.ClampIsIdentityInside (0 ms)
[ RUN      ] GeofenceTest.ClampAlwaysProducesAContainedPoint
[       OK ] GeofenceTest.ClampAlwaysProducesAContainedPoint (0 ms)
[----------] 4 tests from GeofenceTest (1 ms total)

[----------] Global test environment tear-down
[==========] 4 tests from 1 test suite ran. (1 ms total)
[  PASSED  ] 4 tests.
  -> exit 0

$ ./build/bin/IntegrationTests --gtest_filter=*Geofence* --gtest_color=no
Running main() from /mnt/c/Users/User/Documents/GitHub/KrattWorksAssignment/kratt-hex/libs/googletest/googletest/src/gtest_main.cc
Note: Google Test filter = *Geofence*
[==========] Running 6 tests from 1 test suite.
[----------] Global test environment set-up.
[----------] 6 tests from GeofenceIT
[ RUN      ] GeofenceIT.Manual_input_cannot_push_the_drone_past_the_north_boundary
[       OK ] GeofenceIT.Manual_input_cannot_push_the_drone_past_the_north_boundary (2 ms)
[ RUN      ] GeofenceIT.Position_stays_inside_the_fence_under_sustained_corner_pressure
[       OK ] GeofenceIT.Position_stays_inside_the_fence_under_sustained_corner_pressure (2 ms)
[ RUN      ] GeofenceIT.Reported_velocity_is_zero_on_the_clamped_axis
[       OK ] GeofenceIT.Reported_velocity_is_zero_on_the_clamped_axis (2 ms)
[ RUN      ] GeofenceIT.Drone_still_slides_along_the_boundary_on_the_free_axis
[       OK ] GeofenceIT.Drone_still_slides_along_the_boundary_on_the_free_axis (2 ms)
[ RUN      ] GeofenceIT.Goto_outside_the_fence_is_clamped_not_ignored
[       OK ] GeofenceIT.Goto_outside_the_fence_is_clamped_not_ignored (1 ms)
[ RUN      ] GeofenceIT.Takeoff_stops_at_the_ceiling_when_it_is_below_20m
[       OK ] GeofenceIT.Takeoff_stops_at_the_ceiling_when_it_is_below_20m (0 ms)
[----------] 6 tests from GeofenceIT (14 ms total)

[----------] Global test environment tear-down
[==========] 6 tests from 1 test suite ran. (15 ms total)
[  PASSED  ] 6 tests.
  -> exit 0

  10 test(s) ran

==================================================================
 Log written to: /mnt/c/Users/User/Documents/GitHub/KrattWorksAssignment/kratt-hex/kratt-diagnostic.log
 Paste that file back in the conversation.
==================================================================
